SQL> 
SQL> select * from user_constraints where table_name='EMP';

OWNER                                                                                                                    CONSTRAINT_NAME                C TABLE_NAME                     SEARCH_CONDITION                                                                 R_OWNER                                                                                                                  R_CONSTRAINT_NAME              DELETE_RU STATUS   DEFERRABLE     DEFERRED  VALIDATED     GENERATED      BAD RELY LAST_CHAN INDEX_OWNER                    INDEX_NAME                     INVALID VIEW_RELATED                                                                                                                                                                                                                                                                                                                                                                                                                        
------------------------------------------------------------------------------------------------------------------------ ------------------------------ - ------------------------------ -------------------------------------------------------------------------------- ------------------------------------------------------------------------------------------------------------------------ ------------------------------ --------- -------- -------------- --------- ------------- -------------- --- ---- --------- ------------------------------ ------------------------------ ------- --------------                                                                                                                                                                                                                                                                                                                                                                                                                      
SCOTT                                                                                                                    PK_EMP                         P EMP                                                                                                                                                                                                                                                                               ENABLED  NOT DEFERRABLE IMMEDIATE VALIDATED     USER NAME               30-JAN-26 SCOTT                          PK_EMP                                                                                                                                                                                                                                                                                                                                                                                                                                                                     
SCOTT                                                                                                                    FK_EMP_DEPT                    R EMP                                                                                                             SCOTT                                                                                                                    PK_DEPT                        NO ACTION ENABLED  NOT DEFERRABLE IMMEDIATE VALIDATED     USER NAME               30-JAN-26                                                                                                                                                                                                                                                                                                                                                                                                                                                                                                           

SQL> desc emp;
 Name                                                                                                                                                                                                                                                                                                                                                                                                                                                                                                                                                                                                              Null?    Type
 ----------------------------------------------------------------------------------------------------------------------------------------------------------------------------------------------------------------------------------------------------------------------------------------------------------------------------------------------------------------------------------------------------------------------------------------------------------------------------------------------------------------------------------------------------------------------------------------------------------------- -------- ------------------------------------------------------------------------------------------------------------------------------------------------------------------------------------------------------------------------------------------------------------------------------------------------------------------------------------------------------------------------------------------------------------
 EMPNO                                                                                                                                                                                                                                                                                                                                                                                                                                                                                                                                                                                                             NOT NULL NUMBER(4)
 ENAME                                                                                                                                                                                                                                                                                                                                                                                                                                                                                                                                                                                                                      VARCHAR2(10)
 JOB                                                                                                                                                                                                                                                                                                                                                                                                                                                                                                                                                                                                                        VARCHAR2(9)
 MGR                                                                                                                                                                                                                                                                                                                                                                                                                                                                                                                                                                                                                        NUMBER(4)
 HIREDATE                                                                                                                                                                                                                                                                                                                                                                                                                                                                                                                                                                                                                   DATE
 SAL                                                                                                                                                                                                                                                                                                                                                                                                                                                                                                                                                                                                                        NUMBER(7,2)
 COMM                                                                                                                                                                                                                                                                                                                                                                                                                                                                                                                                                                                                                       NUMBER(7,2)
 DEPTNO                                                                                                                                                                                                                                                                                                                                                                                                                                                                                                                                                                                                                     NUMBER(2)

SQL> set pages 10 lines 10;
SQL> desc emp;
 Name              Null?    Type
 ----------------- -------- ------------
 EMPNO             NOT NULL NUMBER(4)
 ENAME                      VARCHAR2(10)
 JOB                        VARCHAR2(9)
 MGR                        NUMBER(4)
 HIREDATE                   DATE
 SAL                        NUMBER(7,2)
 COMM                       NUMBER(7,2)
 DEPTNO                     NUMBER(2)

SQL> spool off;
